Archive member included to satisfy reference by file (symbol)

C:/devel/stm32CubeIDE_1.18.1/STM32CubeIDE/plugins/com.st.stm32cube.ide.mcu.externaltools.gnu-tools-for-stm32.13.3.rel1.win32_1.0.0.202411081344/tools/bin/../lib/gcc/arm-none-eabi/13.3.1/../../../../arm-none-eabi/lib/thumb/v7e-m+fp/hard\libc_nano.a(libc_a-exit.o)
                              C:/devel/stm32CubeIDE_1.18.1/STM32CubeIDE/plugins/com.st.stm32cube.ide.mcu.externaltools.gnu-tools-for-stm32.13.3.rel1.win32_1.0.0.202411081344/tools/bin/../lib/gcc/arm-none-eabi/13.3.1/../../../../arm-none-eabi/lib/thumb/v7e-m+fp/hard/crt0.o (exit)
C:/devel/stm32CubeIDE_1.18.1/STM32CubeIDE/plugins/com.st.stm32cube.ide.mcu.externaltools.gnu-tools-for-stm32.13.3.rel1.win32_1.0.0.202411081344/tools/bin/../lib/gcc/arm-none-eabi/13.3.1/../../../../arm-none-eabi/lib/thumb/v7e-m+fp/hard\libc_nano.a(libc_a-findfp.o)
                              C:/devel/stm32CubeIDE_1.18.1/STM32CubeIDE/plugins/com.st.stm32cube.ide.mcu.externaltools.gnu-tools-for-stm32.13.3.rel1.win32_1.0.0.202411081344/tools/bin/../lib/gcc/arm-none-eabi/13.3.1/../../../../arm-none-eabi/lib/thumb/v7e-m+fp/hard\libc_nano.a(libc_a-exit.o) (__stdio_exit_handler)
C:/devel/stm32CubeIDE_1.18.1/STM32CubeIDE/plugins/com.st.stm32cube.ide.mcu.externaltools.gnu-tools-for-stm32.13.3.rel1.win32_1.0.0.202411081344/tools/bin/../lib/gcc/arm-none-eabi/13.3.1/../../../../arm-none-eabi/lib/thumb/v7e-m+fp/hard\libc_nano.a(libc_a-fwalk.o)
                              C:/devel/stm32CubeIDE_1.18.1/STM32CubeIDE/plugins/com.st.stm32cube.ide.mcu.externaltools.gnu-tools-for-stm32.13.3.rel1.win32_1.0.0.202411081344/tools/bin/../lib/gcc/arm-none-eabi/13.3.1/../../../../arm-none-eabi/lib/thumb/v7e-m+fp/hard\libc_nano.a(libc_a-findfp.o) (_fwalk_sglue)
C:/devel/stm32CubeIDE_1.18.1/STM32CubeIDE/plugins/com.st.stm32cube.ide.mcu.externaltools.gnu-tools-for-stm32.13.3.rel1.win32_1.0.0.202411081344/tools/bin/../lib/gcc/arm-none-eabi/13.3.1/../../../../arm-none-eabi/lib/thumb/v7e-m+fp/hard\libc_nano.a(libc_a-stdio.o)
                              C:/devel/stm32CubeIDE_1.18.1/STM32CubeIDE/plugins/com.st.stm32cube.ide.mcu.externaltools.gnu-tools-for-stm32.13.3.rel1.win32_1.0.0.202411081344/tools/bin/../lib/gcc/arm-none-eabi/13.3.1/../../../../arm-none-eabi/lib/thumb/v7e-m+fp/hard\libc_nano.a(libc_a-findfp.o) (__sread)
C:/devel/stm32CubeIDE_1.18.1/STM32CubeIDE/plugins/com.st.stm32cube.ide.mcu.externaltools.gnu-tools-for-stm32.13.3.rel1.win32_1.0.0.202411081344/tools/bin/../lib/gcc/arm-none-eabi/13.3.1/../../../../arm-none-eabi/lib/thumb/v7e-m+fp/hard\libc_nano.a(libc_a-memset.o)
                              C:/devel/stm32CubeIDE_1.18.1/STM32CubeIDE/plugins/com.st.stm32cube.ide.mcu.externaltools.gnu-tools-for-stm32.13.3.rel1.win32_1.0.0.202411081344/tools/bin/../lib/gcc/arm-none-eabi/13.3.1/../../../../arm-none-eabi/lib/thumb/v7e-m+fp/hard/crt0.o (memset)
C:/devel/stm32CubeIDE_1.18.1/STM32CubeIDE/plugins/com.st.stm32cube.ide.mcu.externaltools.gnu-tools-for-stm32.13.3.rel1.win32_1.0.0.202411081344/tools/bin/../lib/gcc/arm-none-eabi/13.3.1/../../../../arm-none-eabi/lib/thumb/v7e-m+fp/hard\libc_nano.a(libc_a-closer.o)
                              C:/devel/stm32CubeIDE_1.18.1/STM32CubeIDE/plugins/com.st.stm32cube.ide.mcu.externaltools.gnu-tools-for-stm32.13.3.rel1.win32_1.0.0.202411081344/tools/bin/../lib/gcc/arm-none-eabi/13.3.1/../../../../arm-none-eabi/lib/thumb/v7e-m+fp/hard\libc_nano.a(libc_a-stdio.o) (_close_r)
C:/devel/stm32CubeIDE_1.18.1/STM32CubeIDE/plugins/com.st.stm32cube.ide.mcu.externaltools.gnu-tools-for-stm32.13.3.rel1.win32_1.0.0.202411081344/tools/bin/../lib/gcc/arm-none-eabi/13.3.1/../../../../arm-none-eabi/lib/thumb/v7e-m+fp/hard\libc_nano.a(libc_a-reent.o)
                              C:/devel/stm32CubeIDE_1.18.1/STM32CubeIDE/plugins/com.st.stm32cube.ide.mcu.externaltools.gnu-tools-for-stm32.13.3.rel1.win32_1.0.0.202411081344/tools/bin/../lib/gcc/arm-none-eabi/13.3.1/../../../../arm-none-eabi/lib/thumb/v7e-m+fp/hard\libc_nano.a(libc_a-closer.o) (errno)
C:/devel/stm32CubeIDE_1.18.1/STM32CubeIDE/plugins/com.st.stm32cube.ide.mcu.externaltools.gnu-tools-for-stm32.13.3.rel1.win32_1.0.0.202411081344/tools/bin/../lib/gcc/arm-none-eabi/13.3.1/../../../../arm-none-eabi/lib/thumb/v7e-m+fp/hard\libc_nano.a(libc_a-impure.o)
                              C:/devel/stm32CubeIDE_1.18.1/STM32CubeIDE/plugins/com.st.stm32cube.ide.mcu.externaltools.gnu-tools-for-stm32.13.3.rel1.win32_1.0.0.202411081344/tools/bin/../lib/gcc/arm-none-eabi/13.3.1/../../../../arm-none-eabi/lib/thumb/v7e-m+fp/hard\libc_nano.a(libc_a-reent.o) (_impure_ptr)
C:/devel/stm32CubeIDE_1.18.1/STM32CubeIDE/plugins/com.st.stm32cube.ide.mcu.externaltools.gnu-tools-for-stm32.13.3.rel1.win32_1.0.0.202411081344/tools/bin/../lib/gcc/arm-none-eabi/13.3.1/../../../../arm-none-eabi/lib/thumb/v7e-m+fp/hard\libc_nano.a(libc_a-lseekr.o)
[...]
Memory Configuration

Name             Origin             Length             Attributes
RAM              0x20000000         0x0000c000         xrw
RAM2             0x10000000         0x00004000         xrw
FLASH            0x08000000         0x00040000         xr
*default*        0x00000000         0xffffffff

Linker script and memory map

LOAD C:/devel/stm32CubeIDE_1.18.1/STM32CubeIDE/plugins/com.st.stm32cube.ide.mcu.externaltools.gnu-tools-for-stm32.13.3.rel1.win32_1.0.0.202411081344/tools/bin/../lib/gcc/arm-none-eabi/13.3.1/thumb/v7e-m+fp/hard/crti.o
LOAD C:/devel/stm32CubeIDE_1.18.1/STM32CubeIDE/plugins/com.st.stm32cube.ide.mcu.externaltools.gnu-tools-for-stm32.13.3.rel1.win32_1.0.0.202411081344/tools/bin/../lib/gcc/arm-none-eabi/13.3.1/thumb/v7e-m+fp/hard/crtbegin.o
LOAD C:/devel/stm32CubeIDE_1.18.1/STM32CubeIDE/plugins/com.st.stm32cube.ide.mcu.externaltools.gnu-tools-for-stm32.13.3.rel1.win32_1.0.0.202411081344/tools/bin/../lib/gcc/arm-none-eabi/13.3.1/../../../../arm-none-eabi/lib/thumb/v7e-m+fp/hard/crt0.o
LOAD ./Core/Src/main.o
LOAD ./Core/Src/stm32l4xx_hal_msp.o
LOAD ./Core/Src/stm32l4xx_it.o
LOAD ./Core/Src/syscalls.o
LOAD ./Core/Src/sysmem.o
LOAD ./Core/Src/system_stm32l4xx.o
LOAD ./Core/Startup/startup_stm32l432kcux.o
LOAD ./Drivers/STM32L4xx_HAL_Driver/Src/stm32l4xx_hal.o
LOAD ./Drivers/STM32L4xx_HAL_Driver/Src/stm32l4xx_hal_adc.o
LOAD ./Drivers/STM32L4xx_HAL_Driver/Src/stm32l4xx_hal_adc_ex.o
LOAD ./Drivers/STM32L4xx_HAL_Driver/Src/stm32l4xx_hal_cortex.o
LOAD ./Drivers/STM32L4xx_HAL_Driver/Src/stm32l4xx_hal_dma.o
LOAD ./Drivers/STM32L4xx_HAL_Driver/Src/stm32l4xx_hal_dma_ex.o
LOAD ./Drivers/STM32L4xx_HAL_Driver/Src/stm32l4xx_hal_exti.o
LOAD ./Drivers/STM32L4xx_HAL_Driver/Src/stm32l4xx_hal_flash.o
LOAD ./Drivers/STM32L4xx_HAL_Driver/Src/stm32l4xx_hal_flash_ex.o
LOAD ./Drivers/STM32L4xx_HAL_Driver/Src/stm32l4xx_hal_flash_ramfunc.o
LOAD ./Drivers/STM32L4xx_HAL_Driver/Src/stm32l4xx_hal_gpio.o
LOAD ./Drivers/STM32L4xx_HAL_Driver/Src/stm32l4xx_hal_i2c.o
LOAD ./Drivers/STM32L4xx_HAL_Driver/Src/stm32l4xx_hal_i2c_ex.o
LOAD ./Drivers/STM32L4xx_HAL_Driver/Src/stm32l4xx_hal_pwr.o
LOAD ./Drivers/STM32L4xx_HAL_Driver/Src/stm32l4xx_hal_pwr_ex.o
LOAD ./Drivers/STM32L4xx_HAL_Driver/Src/stm32l4xx_hal_rcc.o
LOAD ./Drivers/STM32L4xx_HAL_Driver/Src/stm32l4xx_hal_rcc_ex.o
START GROUP
LOAD C:/devel/stm32CubeIDE_1.18.1/STM32CubeIDE/plugins/com.st.stm32cube.ide.mcu.externaltools.gnu-tools-for-stm32.13.3.rel1.win32_1.0.0.202411081344/tools/bin/../lib/gcc/arm-none-eabi/13.3.1/../../../../arm-none-eabi/lib/thumb/v7e-m+fp/hard\libc_nano.a
LOAD C:/devel/stm32CubeIDE_1.18.1/STM32CubeIDE/plugins/com.st.stm32cube.ide.mcu.externaltools.gnu-tools-for-stm32.13.3.rel1.win32_1.0.0.202411081344/tools/bin/../lib/gcc/arm-none-eabi/13.3.1/../../../../arm-none-eabi/lib/thumb/v7e-m+fp/hard\libm.a
END GROUP
START GROUP
LOAD C:/devel/stm32CubeIDE_1.18.1/STM32CubeIDE/plugins/com.st.stm32cube.ide.mcu.externaltools.gnu-tools-for-stm32.13.3.rel1.win32_1.0.0.202411081344/tools/bin/../lib/gcc/arm-none-eabi/13.3.1/thumb/v7e-m+fp/hard\libgcc.a
LOAD C:/devel/stm32CubeIDE_1.18.1/STM32CubeIDE/plugins/com.st.stm32cube.ide.mcu.externaltools.gnu-tools-for-stm32.13.3.rel1.win32_1.0.0.202411081344/tools/bin/../lib/gcc/arm-none-eabi/13.3.1/../../../../arm-none-eabi/lib/thumb/v7e-m+fp/hard\libc_nano.a
END GROUP
START GROUP
LOAD C:/devel/stm32CubeIDE_1.18.1/STM32CubeIDE/plugins/com.st.stm32cube.ide.mcu.externaltools.gnu-tools-for-stm32.13.3.rel1.win32_1.0.0.202411081344/tools/bin/../lib/gcc/arm-none-eabi/13.3.1/thumb/v7e-m+fp/hard\libgcc.a
LOAD C:/devel/stm32CubeIDE_1.18.1/STM32CubeIDE/plugins/com.st.stm32cube.ide.mcu.externaltools.gnu-tools-for-stm32.13.3.rel1.win32_1.0.0.202411081344/tools/bin/../lib/gcc/arm-none-eabi/13.3.1/../../../../arm-none-eabi/lib/thumb/v7e-m+fp/hard\libc_nano.a
LOAD C:/devel/stm32CubeIDE_1.18.1/STM32CubeIDE/plugins/com.st.stm32cube.ide.mcu.externaltools.gnu-tools-for-stm32.13.3.rel1.win32_1.0.0.202411081344/tools/bin/../lib/gcc/arm-none-eabi/13.3.1/../../../../arm-none-eabi/lib/thumb/v7e-m+fp/hard\libnosys.a
END GROUP
START GROUP
LOAD C:/devel/stm32CubeIDE_1.18.1/STM32CubeIDE/plugins/com.st.stm32cube.ide.mcu.externaltools.gnu-tools-for-stm32.13.3.rel1.win32_1.0.0.202411081344/tools/bin/../lib/gcc/arm-none-eabi/13.3.1/thumb/v7e-m+fp/hard\libgcc.a
LOAD C:/devel/stm32CubeIDE_1.18.1/STM32CubeIDE/plugins/com.st.stm32cube.ide.mcu.externaltools.gnu-tools-for-stm32.13.3.rel1.win32_1.0.0.202411081344/tools/bin/../lib/gcc/arm-none-eabi/13.3.1/../../../../arm-none-eabi/lib/thumb/v7e-m+fp/hard\libc_nano.a
LOAD C:/devel/stm32CubeIDE_1.18.1/STM32CubeIDE/plugins/com.st.stm32cube.ide.mcu.externaltools.gnu-tools-for-stm32.13.3.rel1.win32_1.0.0.202411081344/tools/bin/../lib/gcc/arm-none-eabi/13.3.1/../../../../arm-none-eabi/lib/thumb/v7e-m+fp/hard\libnosys.a
END GROUP
LOAD C:/devel/stm32CubeIDE_1.18.1/STM32CubeIDE/plugins/com.st.stm32cube.ide.mcu.externaltools.gnu-tools-for-stm32.13.3.rel1.win32_1.0.0.202411081344/tools/bin/../lib/gcc/arm-none-eabi/13.3.1/thumb/v7e-m+fp/hard/crtend.o
LOAD C:/devel/stm32CubeIDE_1.18.1/STM32CubeIDE/plugins/com.st.stm32cube.ide.mcu.externaltools.gnu-tools-for-stm32.13.3.rel1.win32_1.0.0.202411081344/tools/bin/../lib/gcc/arm-none-eabi/13.3.1/thumb/v7e-m+fp/hard/crtn.o
                0x2000c000                        _estack = (ORIGIN (RAM) + LENGTH (RAM))
                0x00000200                        _Min_Heap_Size = 0x200
                0x00000400                        _Min_Stack_Size = 0x400

.isr_vector     0x08000000      0x18c
                0x08000000                        . = ALIGN (0x4)
 *(.isr_vector)
 .isr_vector    0x08000000      0x18c ./Core/Startup/startup_stm32l432kcux.o
                0x08000000                g_pfnVectors
                0x0800018c                        . = ALIGN (0x4)

.text           0x0800018c     0x38fc
                0x0800018c                        . = ALIGN (0x4)
 *(.text)
 .text          0x0800018c       0x40 C:/devel/stm32CubeIDE_1.18.1/STM32CubeIDE/plugins/com.st.stm32cube.ide.mcu.externaltools.gnu-tools-for-stm32.13.3.rel1.win32_1.0.0.202411081344/tools/bin/../lib/gcc/arm-none-eabi/13.3.1/thumb/v7e-m+fp/hard/crtbegin.o
 *(.text*)
 .text.Update_LEDs.0
                0x080001cc      0x2b4 ./Core/Src/main.o
 .text.main     0x08000480      0x3b4 ./Core/Src/main.o
                0x08000480                main
 .text.SystemClock_Config
                0x08000834       0xc4 ./Core/Src/main.o
                0x08000834                SystemClock_Config
 .text.MX_ADC1_Init
                0x080008f8       0xc8 ./Core/Src/main.o
 .text.MX_GPIO_Init
                0x080009c0      0x10c ./Core/Src/main.o
 .text.Error_Handler
                0x08000acc        0xc ./Core/Src/main.o
                0x08000acc                Error_Handler
 .text.HAL_MspInit
                0x08000ad8       0x48 ./Core/Src/stm32l4xx_hal_msp.o
                0x08000ad8                HAL_MspInit
 .text.HAL_ADC_MspInit
                0x08000b20       0xc8 ./Core/Src/stm32l4xx_hal_msp.o
                0x08000b20                HAL_ADC_MspInit
 .text.NMI_Handler
                0x08000be8        0x8 ./Core/Src/stm32l4xx_it.o
                0x08000be8                NMI_Handler
 .text.HardFault_Handler
                0x08000bf0        0x8 ./Core/Src/stm32l4xx_it.o
                0x08000bf0                HardFault_Handler
 .text.MemManage_Handler
                0x08000bf8        0x8 ./Core/Src/stm32l4xx_it.o
                0x08000bf8                MemManage_Handler
 .text.BusFault_Handler
                0x08000c00        0x8 ./Core/Src/stm32l4xx_it.o
                0x08000c00                BusFault_Handler
 .text.UsageFault_Handler
                0x08000c08        0x8 ./Core/Src/stm32l4xx_it.o
                0x08000c08                UsageFault_Handler
 .text.SVC_Handler
                0x08000c10        0xe ./Core/Src/stm32l4xx_it.o
                0x08000c10                SVC_Handler
 .text.DebugMon_Handler
                0x08000c1e        0xe ./Core/Src/stm32l4xx_it.o
                0x08000c1e                DebugMon_Handler
 .text.PendSV_Handler
                0x08000c2c        0xe ./Core/Src/stm32l4xx_it.o
                0x08000c2c                PendSV_Handler
 .text.SysTick_Handler
                0x08000c3a        0xc ./Core/Src/stm32l4xx_it.o
                0x08000c3a                SysTick_Handler
 *fill*         0x08000c46        0x2 
 .text.SystemInit
                0x08000c48       0x24 ./Core/Src/system_stm32l4xx.o
                0x08000c48                SystemInit
 .text.Reset_Handler
                0x08000c6c       0x50 ./Core/Startup/startup_stm32l432kcux.o
                0x08000c6c                Reset_Handler
 .text.Default_Handler
                0x08000cbc        0x2 ./Core/Startup/startup_stm32l432kcux.o
                0x08000cbc                RTC_Alarm_IRQHandler
                0x08000cbc                EXTI2_IRQHandler
                0x08000cbc                TIM1_CC_IRQHandler
                0x08000cbc                TSC_IRQHandler
                0x08000cbc                TAMP_STAMP_IRQHandler
                0x08000cbc                EXTI3_IRQHandler
                0x08000cbc                LPTIM2_IRQHandler
                0x08000cbc                I2C3_ER_IRQHandler
                0x08000cbc                EXTI0_IRQHandler
                0x08000cbc                CAN1_RX0_IRQHandler
                0x08000cbc                FPU_IRQHandler
                0x08000cbc                TIM1_UP_TIM16_IRQHandler
                0x08000cbc                SPI1_IRQHandler
                0x08000cbc                TIM6_DAC_IRQHandler
                0x08000cbc                DMA2_Channel2_IRQHandler
                0x08000cbc                DMA1_Channel4_IRQHandler
                0x08000cbc                ADC1_IRQHandler
                0x08000cbc                DMA1_Channel7_IRQHandler
                0x08000cbc                CAN1_RX1_IRQHandler
                0x08000cbc                DMA2_Channel1_IRQHandler
                0x08000cbc                QUADSPI_IRQHandler
                0x08000cbc                I2C1_EV_IRQHandler
                0x08000cbc                DMA1_Channel6_IRQHandler
                0x08000cbc                DMA2_Channel4_IRQHandler
                0x08000cbc                RCC_IRQHandler
                0x08000cbc                TIM1_TRG_COM_IRQHandler
                0x08000cbc                DMA1_Channel1_IRQHandler
                0x08000cbc                Default_Handler
                0x08000cbc                DMA2_Channel7_IRQHandler
                0x08000cbc                EXTI15_10_IRQHandler
                0x08000cbc                TIM7_IRQHandler
                0x08000cbc                I2C3_EV_IRQHandler
                0x08000cbc                USB_IRQHandler
                0x08000cbc                EXTI9_5_IRQHandler
                0x08000cbc                RTC_WKUP_IRQHandler
                0x08000cbc                PVD_PVM_IRQHandler
                0x08000cbc                CAN1_TX_IRQHandler
                0x08000cbc                DMA2_Channel5_IRQHandler
                0x08000cbc                CRS_IRQHandler
                0x08000cbc                DMA1_Channel5_IRQHandler
                0x08000cbc                EXTI4_IRQHandler
                0x08000cbc                RNG_IRQHandler
                0x08000cbc                DMA1_Channel3_IRQHandler
                0x08000cbc                COMP_IRQHandler
                0x08000cbc                WWDG_IRQHandler
                0x08000cbc                LPUART1_IRQHandler
                0x08000cbc                DMA2_Channel6_IRQHandler
                0x08000cbc                TIM2_IRQHandler
                0x08000cbc                EXTI1_IRQHandler
                0x08000cbc                USART2_IRQHandler
                0x08000cbc                DMA1_Channel2_IRQHandler
                0x08000cbc                CAN1_SCE_IRQHandler
                0x08000cbc                FLASH_IRQHandler
                0x08000cbc                USART1_IRQHandler
                0x08000cbc                SPI3_IRQHandler
                0x08000cbc                I2C1_ER_IRQHandler
                0x08000cbc                SWPMI1_IRQHandler
                0x08000cbc                LPTIM1_IRQHandler
                0x08000cbc                SAI1_IRQHandler
                0x08000cbc                DMA2_Channel3_IRQHandler
                0x08000cbc                TIM1_BRK_TIM15_IRQHandler
 .text.HAL_Init
                0x08000cbe       0x30 ./Drivers/STM32L4xx_HAL_Driver/Src/stm32l4xx_hal.o
                0x08000cbe                HAL_Init
 *fill*         0x08000cee        0x2 
 .text.HAL_InitTick
                0x08000cf0       0x78 ./Drivers/STM32L4xx_HAL_Driver/Src/stm32l4xx_hal.o
                0x08000cf0                HAL_InitTick
 .text.HAL_IncTick
                0x08000d68       0x28 ./Drivers/STM32L4xx_HAL_Driver/Src/stm32l4xx_hal.o
                0x08000d68                HAL_IncTick
 .text.HAL_GetTick
                0x08000d90       0x18 ./Drivers/STM32L4xx_HAL_Driver/Src/stm32l4xx_hal.o
                0x08000d90                HAL_GetTick
 .text.HAL_Delay
                0x08000da8       0x48 ./Drivers/STM32L4xx_HAL_Driver/Src/stm32l4xx_hal.o
                0x08000da8                HAL_Delay
 .text.LL_ADC_SetCommonClock
                0x08000df0       0x26 ./Drivers/STM32L4xx_HAL_Driver/Src/stm32l4xx_hal_adc.o
 .text.LL_ADC_SetCommonPathInternalCh
                0x08000e16       0x26 ./Drivers/STM32L4xx_HAL_Driver/Src/stm32l4xx_hal_adc.o
 .text.LL_ADC_GetCommonPathInternalCh
                0x08000e3c       0x1c ./Drivers/STM32L4xx_HAL_Driver/Src/stm32l4xx_hal_adc.o
 .text.LL_ADC_SetOffset
                0x08000e58       0x48 ./Drivers/STM32L4xx_HAL_Driver/Src/stm32l4xx_hal_adc.o
 .text.LL_ADC_GetOffsetChannel
                0x08000ea0       0x2c ./Drivers/STM32L4xx_HAL_Driver/Src/stm32l4xx_hal_adc.o
 .text.LL_ADC_SetOffsetState
                0x08000ecc       0x36 ./Drivers/STM32L4xx_HAL_Driver/Src/stm32l4xx_hal_adc.o
 .text.LL_ADC_REG_IsTriggerSourceSWStart
                0x08000f02       0x26 ./Drivers/STM32L4xx_HAL_Driver/Src/stm32l4xx_hal_adc.o
 .text.LL_ADC_REG_SetSequencerRanks
                0x08000f28       0x58 ./Drivers/STM32L4xx_HAL_Driver/Src/stm32l4xx_hal_adc.o
 .text.LL_ADC_SetChannelSamplingTime
                0x08000f80       0x56 ./Drivers/STM32L4xx_HAL_Driver/Src/stm32l4xx_hal_adc.o
 *fill*         0x08000fd6        0x2 
 .text.LL_ADC_SetChannelSingleDiff
                0x08000fd8       0x48 ./Drivers/STM32L4xx_HAL_Driver/Src/stm32l4xx_hal_adc.o
 .text.LL_ADC_DisableDeepPowerDown
                0x08001020       0x24 ./Drivers/STM32L4xx_HAL_Driver/Src/stm32l4xx_hal_adc.o
 .text.LL_ADC_IsDeepPowerDownEnabled
                0x08001044       0x28 ./Drivers/STM32L4xx_HAL_Driver/Src/stm32l4xx_hal_adc.o
 .text.LL_ADC_EnableInternalRegulator
                0x0800106c       0x28 ./Drivers/STM32L4xx_HAL_Driver/Src/stm32l4xx_hal_adc.o
 .text.LL_ADC_IsInternalRegulatorEnabled
                0x08001094       0x28 ./Drivers/STM32L4xx_HAL_Driver/Src/stm32l4xx_hal_adc.o
 .text.LL_ADC_Enable
                0x080010bc       0x28 ./Drivers/STM32L4xx_HAL_Driver/Src/stm32l4xx_hal_adc.o
 .text.LL_ADC_Disable
                0x080010e4       0x28 ./Drivers/STM32L4xx_HAL_Driver/Src/stm32l4xx_hal_adc.o
 .text.LL_ADC_IsEnabled
                0x0800110c       0x26 ./Drivers/STM32L4xx_HAL_Driver/Src/stm32l4xx_hal_adc.o
 .text.LL_ADC_IsDisableOngoing
                0x08001132       0x26 ./Drivers/STM32L4xx_HAL_Driver/Src/stm32l4xx_hal_adc.o
 .text.LL_ADC_REG_StartConversion
                0x08001158       0x28 ./Drivers/STM32L4xx_HAL_Driver/Src/stm32l4xx_hal_adc.o
 .text.LL_ADC_REG_StopConversion
                0x08001180       0x28 ./Drivers/STM32L4xx_HAL_Driver/Src/stm32l4xx_hal_adc.o
 .text.LL_ADC_REG_IsConversionOngoing
                0x080011a8       0x26 ./Drivers/STM32L4xx_HAL_Driver/Src/stm32l4xx_hal_adc.o
 .text.LL_ADC_INJ_StopConversion
                0x080011ce       0x28 ./Drivers/STM32L4xx_HAL_Driver/Src/stm32l4xx_hal_adc.o
 .text.LL_ADC_INJ_IsConversionOngoing
                0x080011f6       0x26 ./Drivers/STM32L4xx_HAL_Driver/Src/stm32l4xx_hal_adc.o
 .text.HAL_ADC_Init
                0x0800121c      0x284 ./Drivers/STM32L4xx_HAL_Driver/Src/stm32l4xx_hal_adc.o
                0x0800121c                HAL_ADC_Init
 .text.HAL_ADC_Start
                0x080014a0       0xc6 ./Drivers/STM32L4xx_HAL_Driver/Src/stm32l4xx_hal_adc.o
                0x080014a0                HAL_ADC_Start
 .text.HAL_ADC_Stop
                0x08001566       0x66 ./Drivers/STM32L4xx_HAL_Driver/Src/stm32l4xx_hal_adc.o
                0x08001566                HAL_ADC_Stop
 .text.HAL_ADC_PollForConversion
                0x080015cc      0x11e ./Drivers/STM32L4xx_HAL_Driver/Src/stm32l4xx_hal_adc.o
                0x080015cc                HAL_ADC_PollForConversion
 .text.HAL_ADC_GetValue
                0x080016ea       0x1a ./Drivers/STM32L4xx_HAL_Driver/Src/stm32l4xx_hal_adc.o
                0x080016ea                HAL_ADC_GetValue
 .text.HAL_ADC_ConfigChannel
                0x08001704      0x7c4 ./Drivers/STM32L4xx_HAL_Driver/Src/stm32l4xx_hal_adc.o
                0x08001704                HAL_ADC_ConfigChannel
 .text.ADC_ConversionStop
                0x08001ec8      0x178 ./Drivers/STM32L4xx_HAL_Driver/Src/stm32l4xx_hal_adc.o
                0x08001ec8                ADC_ConversionStop
 .text.ADC_Enable
                0x08002040      0x10c ./Drivers/STM32L4xx_HAL_Driver/Src/stm32l4xx_hal_adc.o
                0x08002040                ADC_Enable
 .text.ADC_Disable
                0x0800214c       0xbe ./Drivers/STM32L4xx_HAL_Driver/Src/stm32l4xx_hal_adc.o
                0x0800214c                ADC_Disable
 *fill*         0x0800220a        0x2 
 .text.__NVIC_SetPriorityGrouping
                0x0800220c       0x48 ./Drivers/STM32L4xx_HAL_Driver/Src/stm32l4xx_hal_cortex.o
 .text.__NVIC_GetPriorityGrouping
                0x08002254       0x1c ./Drivers/STM32L4xx_HAL_Driver/Src/stm32l4xx_hal_cortex.o
 .text.__NVIC_SetPriority
                0x08002270       0x54 ./Drivers/STM32L4xx_HAL_Driver/Src/stm32l4xx_hal_cortex.o
 .text.NVIC_EncodePriority
                0x080022c4       0x66 ./Drivers/STM32L4xx_HAL_Driver/Src/stm32l4xx_hal_cortex.o
 *fill*         0x0800232a        0x2 
 .text.SysTick_Config
                0x0800232c       0x44 ./Drivers/STM32L4xx_HAL_Driver/Src/stm32l4xx_hal_cortex.o
 .text.HAL_NVIC_SetPriorityGrouping
                0x08002370       0x16 ./Drivers/STM32L4xx_HAL_Driver/Src/stm32l4xx_hal_cortex.o
                0x08002370                HAL_NVIC_SetPriorityGrouping
 .text.HAL_NVIC_SetPriority
                0x08002386       0x38 ./Drivers/STM32L4xx_HAL_Driver/Src/stm32l4xx_hal_cortex.o
                0x08002386                HAL_NVIC_SetPriority
 .text.HAL_SYSTICK_Config
                0x080023be       0x18 ./Drivers/STM32L4xx_HAL_Driver/Src/stm32l4xx_hal_cortex.o
                0x080023be                HAL_SYSTICK_Config
 *fill*         0x080023d6        0x2 
 .text.HAL_GPIO_Init
                0x080023d8      0x2d4 ./Drivers/STM32L4xx_HAL_Driver/Src/stm32l4xx_hal_gpio.o
                0x080023d8                HAL_GPIO_Init
 .text.HAL_GPIO_ReadPin
                0x080026ac       0x30 ./Drivers/STM32L4xx_HAL_Driver/Src/stm32l4xx_hal_gpio.o
                0x080026ac                HAL_GPIO_ReadPin
 .text.HAL_GPIO_WritePin
                0x080026dc       0x30 ./Drivers/STM32L4xx_HAL_Driver/Src/stm32l4xx_hal_gpio.o
                0x080026dc                HAL_GPIO_WritePin
 .text.HAL_GPIO_TogglePin
                0x0800270c       0x34 ./Drivers/STM32L4xx_HAL_Driver/Src/stm32l4xx_hal_gpio.o
                0x0800270c                HAL_GPIO_TogglePin
 .text.HAL_PWR_EnableBkUpAccess
                0x08002740       0x20 ./Drivers/STM32L4xx_HAL_Driver/Src/stm32l4xx_hal_pwr.o
                0x08002740                HAL_PWR_EnableBkUpAccess
 .text.HAL_PWREx_GetVoltageRange
                0x08002760       0x1c ./Drivers/STM32L4xx_HAL_Driver/Src/stm32l4xx_hal_pwr_ex.o
                0x08002760                HAL_PWREx_GetVoltageRange
 .text.HAL_PWREx_ControlVoltageScaling
                0x0800277c       0xac ./Drivers/STM32L4xx_HAL_Driver/Src/stm32l4xx_hal_pwr_ex.o
                0x0800277c                HAL_PWREx_ControlVoltageScaling
 .text.HAL_RCC_OscConfig
                0x08002828      0x828 ./Drivers/STM32L4xx_HAL_Driver/Src/stm32l4xx_hal_rcc.o
                0x08002828                HAL_RCC_OscConfig
 .text.HAL_RCC_ClockConfig
                0x08003050      0x200 ./Drivers/STM32L4xx_HAL_Driver/Src/stm32l4xx_hal_rcc.o
                0x08003050                HAL_RCC_ClockConfig
 .text.HAL_RCC_GetSysClockFreq
                0x08003250      0x118 ./Drivers/STM32L4xx_HAL_Driver/Src/stm32l4xx_hal_rcc.o
                0x08003250                HAL_RCC_GetSysClockFreq
 .text.RCC_SetFlashLatencyFromMSIRange
                0x08003368       0xc0 ./Drivers/STM32L4xx_HAL_Driver/Src/stm32l4xx_hal_rcc.o
 .text.HAL_RCCEx_PeriphCLKConfig
                0x08003428      0x3ec ./Drivers/STM32L4xx_HAL_Driver/Src/stm32l4xx_hal_rcc_ex.o
                0x08003428                HAL_RCCEx_PeriphCLKConfig
 .text.HAL_RCCEx_EnableMSIPLLMode
                0x08003814       0x20 ./Drivers/STM32L4xx_HAL_Driver/Src/stm32l4xx_hal_rcc_ex.o
                0x08003814                HAL_RCCEx_EnableMSIPLLMode
 .text.RCCEx_PLLSAI1_Config
                0x08003834      0x1e4 ./Drivers/STM32L4xx_HAL_Driver/Src/stm32l4xx_hal_rcc_ex.o
 .text.memset   0x08003a18       0x10 C:/devel/stm32CubeIDE_1.18.1/STM32CubeIDE/plugins/com.st.stm32cube.ide.mcu.externaltools.gnu-tools-for-stm32.13.3.rel1.win32_1.0.0.202411081344/tools/bin/../lib/gcc/arm-none-eabi/13.3.1/../../../../arm-none-eabi/lib/thumb/v7e-m+fp/hard\libc_nano.a(libc_a-memset.o)
                0x08003a18                memset
 .text.__libc_init_array
                0x08003a28       0x48 C:/devel/stm32CubeIDE_1.18.1/STM32CubeIDE/plugins/com.st.stm32cube.ide.mcu.externaltools.gnu-tools-for-stm32.13.3.rel1.win32_1.0.0.202411081344/tools/bin/../lib/gcc/arm-none-eabi/13.3.1/../../../../arm-none-eabi/lib/thumb/v7e-m+fp/hard\libc_nano.a(libc_a-init.o)
                0x08003a28                __libc_init_array
 *(.glue_7)
 .glue_7        0x08003a70        0x0 linker stubs
 *(.glue_7t)
 .glue_7t       0x08003a70        0x0 linker stubs
 *(.eh_frame)
 .eh_frame      0x08003a70        0x0 C:/devel/stm32CubeIDE_1.18.1/STM32CubeIDE/plugins/com.st.stm32cube.ide.mcu.externaltools.gnu-tools-for-stm32.13.3.rel1.win32_1.0.0.202411081344/tools/bin/../lib/gcc/arm-none-eabi/13.3.1/thumb/v7e-m+fp/hard/crtbegin.o
 *(.init)
 .init          0x08003a70        0x4 C:/devel/stm32CubeIDE_1.18.1/STM32CubeIDE/plugins/com.st.stm32cube.ide.mcu.externaltools.gnu-tools-for-stm32.13.3.rel1.win32_1.0.0.202411081344/tools/bin/../lib/gcc/arm-none-eabi/13.3.1/thumb/v7e-m+fp/hard/crti.o
                0x08003a70                _init
 .init          0x08003a74        0x8 C:/devel/stm32CubeIDE_1.18.1/STM32CubeIDE/plugins/com.st.stm32cube.ide.mcu.externaltools.gnu-tools-for-stm32.13.3.rel1.win32_1.0.0.202411081344/tools/bin/../lib/gcc/arm-none-eabi/13.3.1/thumb/v7e-m+fp/hard/crtn.o
 *(.fini)
 .fini          0x08003a7c        0x4 C:/devel/stm32CubeIDE_1.18.1/STM32CubeIDE/plugins/com.st.stm32cube.ide.mcu.externaltools.gnu-tools-for-stm32.13.3.rel1.win32_1.0.0.202411081344/tools/bin/../lib/gcc/arm-none-eabi/13.3.1/thumb/v7e-m+fp/hard/crti.o
                0x08003a7c                _fini
 .fini          0x08003a80        0x8 C:/devel/stm32CubeIDE_1.18.1/STM32CubeIDE/plugins/com.st.stm32cube.ide.mcu.externaltools.gnu-tools-for-stm32.13.3.rel1.win32_1.0.0.202411081344/tools/bin/../lib/gcc/arm-none-eabi/13.3.1/thumb/v7e-m+fp/hard/crtn.o
                0x08003a88                        . = ALIGN (0x4)
                0x08003a88                        _etext = .

.vfp11_veneer   0x08003a88        0x0
 .vfp11_veneer  0x08003a88        0x0 linker stubs

.v4_bx          0x08003a88        0x0
 .v4_bx         0x08003a88        0x0 linker stubs

.iplt           0x08003a88        0x0
 .iplt          0x08003a88        0x0 C:/devel/stm32CubeIDE_1.18.1/STM32CubeIDE/plugins/com.st.stm32cube.ide.mcu.externaltools.gnu-tools-for-stm32.13.3.rel1.win32_1.0.0.202411081344/tools/bin/../lib/gcc/arm-none-eabi/13.3.1/thumb/v7e-m+fp/hard/crtbegin.o

.rodata         0x08003a88       0x40
                0x08003a88                        . = ALIGN (0x4)
 *(.rodata)
 *(.rodata*)
 .rodata.AHBPrescTable
                0x08003a88       0x10 ./Core/Src/system_stm32l4xx.o
                0x08003a88                AHBPrescTable
 .rodata.MSIRangeTable
                0x08003a98       0x30 ./Core/Src/system_stm32l4xx.o
                0x08003a98                MSIRangeTable
                0x08003ac8                        . = ALIGN (0x4)

.ARM.extab      0x08003ac8        0x0
                0x08003ac8                        . = ALIGN (0x4)
 *(.ARM.extab* .gnu.linkonce.armextab.*)
                0x08003ac8                        . = ALIGN (0x4)

.ARM            0x08003ac8        0x0
                0x08003ac8                        . = ALIGN (0x4)
                0x08003ac8                        __exidx_start = .
 *(.ARM.exidx*)
                0x08003ac8                        __exidx_end = .
                0x08003ac8                        . = ALIGN (0x4)

.preinit_array  0x08003ac8        0x0
                0x08003ac8                        . = ALIGN (0x4)
                0x08003ac8                        PROVIDE (__preinit_array_start = .)
 *(.preinit_array*)
                0x08003ac8                        PROVIDE (__preinit_array_end = .)
                0x08003ac8                        . = ALIGN (0x4)

.init_array     0x08003ac8        0x4
                0x08003ac8                        . = ALIGN (0x4)
                0x08003ac8                        PROVIDE (__init_array_start = .)
 *(SORT_BY_NAME(.init_array.*))
 *(.init_array*)
 .init_array    0x08003ac8        0x4 C:/devel/stm32CubeIDE_1.18.1/STM32CubeIDE/plugins/com.st.stm32cube.ide.mcu.externaltools.gnu-tools-for-stm32.13.3.rel1.win32_1.0.0.202411081344/tools/bin/../lib/gcc/arm-none-eabi/13.3.1/thumb/v7e-m+fp/hard/crtbegin.o
                0x08003acc                        PROVIDE (__init_array_end = .)
                0x08003acc                        . = ALIGN (0x4)

.fini_array     0x08003acc        0x4
                0x08003acc                        . = ALIGN (0x4)
                [!provide]                        PROVIDE (__fini_array_start = .)
 *(SORT_BY_NAME(.fini_array.*))
 *(.fini_array*)
 .fini_array    0x08003acc        0x4 C:/devel/stm32CubeIDE_1.18.1/STM32CubeIDE/plugins/com.st.stm32cube.ide.mcu.externaltools.gnu-tools-for-stm32.13.3.rel1.win32_1.0.0.202411081344/tools/bin/../lib/gcc/arm-none-eabi/13.3.1/thumb/v7e-m+fp/hard/crtbegin.o
                [!provide]                        PROVIDE (__fini_array_end = .)
                0x08003ad0                        . = ALIGN (0x4)
                0x08003ad0                        _sidata = LOADADDR (.data)

.rel.dyn        0x08003ad0        0x0
 .rel.iplt      0x08003ad0        0x0 C:/devel/stm32CubeIDE_1.18.1/STM32CubeIDE/plugins/com.st.stm32cube.ide.mcu.externaltools.gnu-tools-for-stm32.13.3.rel1.win32_1.0.0.202411081344/tools/bin/../lib/gcc/arm-none-eabi/13.3.1/thumb/v7e-m+fp/hard/crtbegin.o

.data           0x20000000        0xc load address 0x08003ad0
                0x20000000                        . = ALIGN (0x4)
                0x20000000                        _sdata = .
 *(.data)
 *(.data*)
 .data.SystemCoreClock
                0x20000000        0x4 ./Core/Src/system_stm32l4xx.o
                0x20000000                SystemCoreClock
 .data.uwTickPrio
                0x20000004        0x4 ./Drivers/STM32L4xx_HAL_Driver/Src/stm32l4xx_hal.o
                0x20000004                uwTickPrio
 .data.uwTickFreq
                0x20000008        0x1 ./Drivers/STM32L4xx_HAL_Driver/Src/stm32l4xx_hal.o
                0x20000008                uwTickFreq
 *(.RamFunc)
 *(.RamFunc*)
                0x2000000c                        . = ALIGN (0x4)
 *fill*         0x20000009        0x3 
                0x2000000c                        _edata = .

.igot.plt       0x2000000c        0x0 load address 0x08003adc
 .igot.plt      0x2000000c        0x0 C:/devel/stm32CubeIDE_1.18.1/STM32CubeIDE/plugins/com.st.stm32cube.ide.mcu.externaltools.gnu-tools-for-stm32.13.3.rel1.win32_1.0.0.202411081344/tools/bin/../lib/gcc/arm-none-eabi/13.3.1/thumb/v7e-m+fp/hard/crtbegin.o
                0x2000000c                        . = ALIGN (0x4)

.bss            0x2000000c       0xa8 load address 0x08003adc
                0x2000000c                        _sbss = .
                0x2000000c                        __bss_start__ = _sbss
 *(.bss)
 .bss           0x2000000c       0x1c C:/devel/stm32CubeIDE_1.18.1/STM32CubeIDE/plugins/com.st.stm32cube.ide.mcu.externaltools.gnu-tools-for-stm32.13.3.rel1.win32_1.0.0.202411081344/tools/bin/../lib/gcc/arm-none-eabi/13.3.1/thumb/v7e-m+fp/hard/crtbegin.o
 *(.bss*)
 .bss.hadc1     0x20000028       0x64 ./Core/Src/main.o
                0x20000028                hadc1
 .bss.system_state
                0x2000008c        0x1 ./Core/Src/main.o
                0x2000008c                system_state
 *fill*         0x2000008d        0x3 
 .bss.voltage   0x20000090       0x10 ./Core/Src/main.o
                0x20000090                voltage
 .bss.signal_1_0
                0x200000a0        0xc ./Core/Src/main.o
                0x200000a0                signal_1_0
 .bss.blink_state.1
                0x200000ac        0x1 ./Core/Src/main.o
 *fill*         0x200000ad        0x3 
 .bss.uwTick    0x200000b0        0x4 ./Drivers/STM32L4xx_HAL_Driver/Src/stm32l4xx_hal.o
                0x200000b0                uwTick
 *(COMMON)
                0x200000b4                        . = ALIGN (0x4)
                0x200000b4                        _ebss = .
                0x200000b4                        __bss_end__ = _ebss

._user_heap_stack
                0x200000b4      0x604 load address 0x08003adc
                0x200000b8                        . = ALIGN (0x8)
 *fill*         0x200000b4        0x4 
                [!provide]                        PROVIDE (end = .)
                0x200000b8                        PROVIDE (_end = .)
                0x200002b8                        . = (. + _Min_Heap_Size)
 *fill*         0x200000b8      0x200 
                0x200006b8                        . = (. + _Min_Stack_Size)
 *fill*         0x200002b8      0x400 
                0x200006b8                        . = ALIGN (0x8)

/DISCARD/
 libc.a(*)
 libm.a(*)
 libgcc.a(*)

.ARM.attributes
                0x00000000       0x30
 *(.ARM.attributes)
 .ARM.attributes
                0x00000000       0x22 C:/devel/stm32CubeIDE_1.18.1/STM32CubeIDE/plugins/com.st.stm32cube.ide.mcu.externaltools.gnu-tools-for-stm32.13.3.rel1.win32_1.0.0.202411081344/tools/bin/../lib/gcc/arm-none-eabi/13.3.1/thumb/v7e-m+fp/hard/crti.o
 .ARM.attributes
                0x00000022       0x34 C:/devel/stm32CubeIDE_1.18.1/STM32CubeIDE/plugins/com.st.stm32cube.ide.mcu.externaltools.gnu-tools-for-stm32.13.3.rel1.win32_1.0.0.202411081344/tools/bin/../lib/gcc/arm-none-eabi/13.3.1/thumb/v7e-m+fp/hard/crtbegin.o
 .ARM.attributes
                0x00000056       0x34 ./Core/Src/main.o
 .ARM.attributes
                0x0000008a       0x34 ./Core/Src/stm32l4xx_hal_msp.o
 .ARM.attributes
                0x000000be       0x34 ./Core/Src/stm32l4xx_it.o
 .ARM.attributes
                0x000000f2       0x34 ./Core/Src/system_stm32l4xx.o
 .ARM.attributes
                0x00000126       0x21 ./Core/Startup/startup_stm32l432kcux.o
 .ARM.attributes
                0x00000147       0x34 ./Drivers/STM32L4xx_HAL_Driver/Src/stm32l4xx_hal.o
 .ARM.attributes
                0x0000017b       0x34 ./Drivers/STM32L4xx_HAL_Driver/Src/stm32l4xx_hal_adc.o
 .ARM.attributes
                0x000001af       0x34 ./Drivers/STM32L4xx_HAL_Driver/Src/stm32l4xx_hal_cortex.o
 .ARM.attributes
                0x000001e3       0x34 ./Drivers/STM32L4xx_HAL_Driver/Src/stm32l4xx_hal_gpio.o
 .ARM.attributes
                0x00000217       0x34 ./Drivers/STM32L4xx_HAL_Driver/Src/stm32l4xx_hal_pwr.o
 .ARM.attributes
                0x0000024b       0x34 ./Drivers/STM32L4xx_HAL_Driver/Src/stm32l4xx_hal_pwr_ex.o
 .ARM.attributes
                0x0000027f       0x34 ./Drivers/STM32L4xx_HAL_Driver/Src/stm32l4xx_hal_rcc.o
 .ARM.attributes
                0x000002b3       0x34 ./Drivers/STM32L4xx_HAL_Driver/Src/stm32l4xx_hal_rcc_ex.o
 .ARM.attributes
                0x000002e7       0x34 C:/devel/stm32CubeIDE_1.18.1/STM32CubeIDE/plugins/com.st.stm32cube.ide.mcu.externaltools.gnu-tools-for-stm32.13.3.rel1.win32_1.0.0.202411081344/tools/bin/../lib/gcc/arm-none-eabi/13.3.1/../../../../arm-none-eabi/lib/thumb/v7e-m+fp/hard\libc_nano.a(libc_a-memset.o)
 .ARM.attributes
                0x0000031b       0x34 C:/devel/stm32CubeIDE_1.18.1/STM32CubeIDE/plugins/com.st.stm32cube.ide.mcu.externaltools.gnu-tools-for-stm32.13.3.rel1.win32_1.0.0.202411081344/tools/bin/../lib/gcc/arm-none-eabi/13.3.1/../../../../arm-none-eabi/lib/thumb/v7e-m+fp/hard\libc_nano.a(libc_a-init.o)
 .ARM.attributes
                0x0000034f       0x22 C:/devel/stm32CubeIDE_1.18.1/STM32CubeIDE/plugins/com.st.stm32cube.ide.mcu.externaltools.gnu-tools-for-stm32.13.3.rel1.win32_1.0.0.202411081344/tools/bin/../lib/gcc/arm-none-eabi/13.3.1/thumb/v7e-m+fp/hard/crtn.o
OUTPUT(ElnC_BatteryStorage_Pinuela.elf elf32-littlearm)
LOAD linker stubs
LOAD C:/devel/stm32CubeIDE_1.18.1/STM32CubeIDE/plugins/com.st.stm32cube.ide.mcu.externaltools.gnu-tools-for-stm32.13.3.rel1.win32_1.0.0.202411081344/tools/bin/../lib/gcc/arm-none-eabi/13.3.1/../../../../arm-none-eabi/lib/thumb/v7e-m+fp/hard\libc.a
LOAD C:/devel/stm32CubeIDE_1.18.1/STM32CubeIDE/plugins/com.st.stm32cube.ide.mcu.externaltools.gnu-tools-for-stm32.13.3.rel1.win32_1.0.0.202411081344/tools/bin/../lib/gcc/arm-none-eabi/13.3.1/../../../../arm-none-eabi/lib/thumb/v7e-m+fp/hard\libm.a
LOAD C:/devel/stm32CubeIDE_1.18.1/STM32CubeIDE/plugins/com.st.stm32cube.ide.mcu.externaltools.gnu-tools-for-stm32.13.3.rel1.win32_1.0.0.202411081344/tools/bin/../lib/gcc/arm-none-eabi/13.3.1/thumb/v7e-m+fp/hard\libgcc.a

.debug_info     0x00000000     0x8f42
 .debug_info    0x00000000     0x1147 ./Core/Src/main.o
 .debug_info    0x00001147      0xd22 ./Core/Src/stm32l4xx_hal_msp.o
 .debug_info    0x00001e69      0x157 ./Core/Src/stm32l4xx_it.o
 .debug_info    0x00001fc0      0x5f0 ./Core/Src/system_stm32l4xx.o
 .debug_info    0x000025b0       0x30 ./Core/Startup/startup_stm32l432kcux.o
 .debug_info    0x000025e0      0x9e0 ./Drivers/STM32L4xx_HAL_Driver/Src/stm32l4xx_hal.o
 .debug_info    0x00002fc0     0x1cf0 ./Drivers/STM32L4xx_HAL_Driver/Src/stm32l4xx_hal_adc.o
 .debug_info    0x00004cb0      0xd2f ./Drivers/STM32L4xx_HAL_Driver/Src/stm32l4xx_hal_cortex.o
 .debug_info    0x000059df      0x79f ./Drivers/STM32L4xx_HAL_Driver/Src/stm32l4xx_hal_gpio.o
 .debug_info    0x0000617e      0x958 ./Drivers/STM32L4xx_HAL_Driver/Src/stm32l4xx_hal_pwr.o
 .debug_info    0x00006ad6      0x94c ./Drivers/STM32L4xx_HAL_Driver/Src/stm32l4xx_hal_pwr_ex.o
 .debug_info    0x00007422      0xbf4 ./Drivers/STM32L4xx_HAL_Driver/Src/stm32l4xx_hal_rcc.o
 .debug_info    0x00008016      0xf2c ./Drivers/STM32L4xx_HAL_Driver/Src/stm32l4xx_hal_rcc_ex.o

.debug_abbrev   0x00000000     0x1988
 .debug_abbrev  0x00000000      0x27d ./Core/Src/main.o
 .debug_abbrev  0x0000027d      0x1cf ./Core/Src/stm32l4xx_hal_msp.o
 .debug_abbrev  0x0000044c       0xac ./Core/Src/stm32l4xx_it.o
 .debug_abbrev  0x000004f8      0x117 ./Core/Src/system_stm32l4xx.o
 .debug_abbrev  0x0000060f       0x24 ./Core/Startup/startup_stm32l432kcux.o
 .debug_abbrev  0x00000633      0x226 ./Drivers/STM32L4xx_HAL_Driver/Src/stm32l4xx_hal.o
 .debug_abbrev  0x00000859      0x2e8 ./Drivers/STM32L4xx_HAL_Driver/Src/stm32l4xx_hal_adc.o
 .debug_abbrev  0x00000b41      0x31c ./Drivers/STM32L4xx_HAL_Driver/Src/stm32l4xx_hal_cortex.o
 .debug_abbrev  0x00000e5d      0x1d1 ./Drivers/STM32L4xx_HAL_Driver/Src/stm32l4xx_hal_gpio.o
 .debug_abbrev  0x0000102e      0x1e5 ./Drivers/STM32L4xx_HAL_Driver/Src/stm32l4xx_hal_pwr.o
 .debug_abbrev  0x00001213      0x1f9 ./Drivers/STM32L4xx_HAL_Driver/Src/stm32l4xx_hal_pwr_ex.o
 .debug_abbrev  0x0000140c      0x2dc ./Drivers/STM32L4xx_HAL_Driver/Src/stm32l4xx_hal_rcc.o
 .debug_abbrev  0x000016e8      0x2a0 ./Drivers/STM32L4xx_HAL_Driver/Src/stm32l4xx_hal_rcc_ex.o

.debug_aranges  0x00000000      0x900
 .debug_aranges
                0x00000000       0x48 ./Core/Src/main.o
 .debug_aranges
                0x00000048       0x30 ./Core/Src/stm32l4xx_hal_msp.o
 .debug_aranges
                0x00000078       0x60 ./Core/Src/stm32l4xx_it.o
 .debug_aranges
                0x000000d8       0x28 ./Core/Src/system_stm32l4xx.o
 .debug_aranges
                0x00000100       0x28 ./Core/Startup/startup_stm32l432kcux.o
 .debug_aranges
                0x00000128      0x108 ./Drivers/STM32L4xx_HAL_Driver/Src/stm32l4xx_hal.o
 .debug_aranges
                0x00000230      0x210 ./Drivers/STM32L4xx_HAL_Driver/Src/stm32l4xx_hal_adc.o
 .debug_aranges
                0x00000440      0x128 ./Drivers/STM32L4xx_HAL_Driver/Src/stm32l4xx_hal_cortex.o
 .debug_aranges
                0x00000568       0x58 ./Drivers/STM32L4xx_HAL_Driver/Src/stm32l4xx_hal_gpio.o
 .debug_aranges
                0x000005c0       0x98 ./Drivers/STM32L4xx_HAL_Driver/Src/stm32l4xx_hal_pwr.o
 .debug_aranges
                0x00000658      0x128 ./Drivers/STM32L4xx_HAL_Driver/Src/stm32l4xx_hal_pwr_ex.o
 .debug_aranges
                0x00000780       0x90 ./Drivers/STM32L4xx_HAL_Driver/Src/stm32l4xx_hal_rcc.o
 .debug_aranges
                0x00000810       0xf0 ./Drivers/STM32L4xx_HAL_Driver/Src/stm32l4xx_hal_rcc_ex.o

.debug_rnglists
                0x00000000      0x6b0
 .debug_rnglists
                0x00000000       0x36 ./Core/Src/main.o
 .debug_rnglists
                0x00000036       0x20 ./Core/Src/stm32l4xx_hal_msp.o
 .debug_rnglists
                0x00000056       0x43 ./Core/Src/stm32l4xx_it.o
 .debug_rnglists
                0x00000099       0x1a ./Core/Src/system_stm32l4xx.o
 .debug_rnglists
                0x000000b3       0x19 ./Core/Startup/startup_stm32l432kcux.o
 .debug_rnglists
                0x000000cc       0xc1 ./Drivers/STM32L4xx_HAL_Driver/Src/stm32l4xx_hal.o
 .debug_rnglists
                0x0000018d      0x196 ./Drivers/STM32L4xx_HAL_Driver/Src/stm32l4xx_hal_adc.o
 .debug_rnglists
                0x00000323       0xda ./Drivers/STM32L4xx_HAL_Driver/Src/stm32l4xx_hal_cortex.o
 .debug_rnglists
                0x000003fd       0x3f ./Drivers/STM32L4xx_HAL_Driver/Src/stm32l4xx_hal_gpio.o
 .debug_rnglists
                0x0000043c       0x6e ./Drivers/STM32L4xx_HAL_Driver/Src/stm32l4xx_hal_pwr.o
 .debug_rnglists
                0x000004aa       0xdf ./Drivers/STM32L4xx_HAL_Driver/Src/stm32l4xx_hal_pwr_ex.o
 .debug_rnglists
                0x00000589       0x6d ./Drivers/STM32L4xx_HAL_Driver/Src/stm32l4xx_hal_rcc.o
 .debug_rnglists
                0x000005f6       0xba ./Drivers/STM32L4xx_HAL_Driver/Src/stm32l4xx_hal_rcc_ex.o

.debug_macro    0x00000000    0x20df7
 .debug_macro   0x00000000      0x31a ./Core/Src/main.o
 .debug_macro   0x0000031a      0xad8 ./Core/Src/main.o
 .debug_macro   0x00000df2      0x1a1 ./Core/Src/main.o
 .debug_macro   0x00000f93       0x2e ./Core/Src/main.o
 .debug_macro   0x00000fc1       0x28 ./Core/Src/main.o
 .debug_macro   0x00000fe9       0x22 ./Core/Src/main.o
 .debug_macro   0x0000100b       0x8e ./Core/Src/main.o
 .debug_macro   0x00001099       0x51 ./Core/Src/main.o
 .debug_macro   0x000010ea      0x103 ./Core/Src/main.o
 .debug_macro   0x000011ed       0x6a ./Core/Src/main.o
 .debug_macro   0x00001257      0x1df ./Core/Src/main.o
 .debug_macro   0x00001436       0x1c ./Core/Src/main.o
 .debug_macro   0x00001452       0x22 ./Core/Src/main.o
 .debug_macro   0x00001474       0xfb ./Core/Src/main.o
 .debug_macro   0x0000156f     0x1011 ./Core/Src/main.o
 .debug_macro   0x00002580      0x11f ./Core/Src/main.o
 .debug_macro   0x0000269f    0x147a6 ./Core/Src/main.o
 .debug_macro   0x00016e45       0x6d ./Core/Src/main.o
 .debug_macro   0x00016eb2     0x38fb ./Core/Src/main.o
 .debug_macro   0x0001a7ad      0x190 ./Core/Src/main.o
 .debug_macro   0x0001a93d       0x5c ./Core/Src/main.o
 .debug_macro   0x0001a999     0x11ca ./Core/Src/main.o
 .debug_macro   0x0001bb63      0x53c ./Core/Src/main.o
 .debug_macro   0x0001c09f      0x1b9 ./Core/Src/main.o
 .debug_macro   0x0001c258      0x122 ./Core/Src/main.o
 .debug_macro   0x0001c37a      0x2c4 ./Core/Src/main.o
 .debug_macro   0x0001c63e      0x27a ./Core/Src/main.o
 .debug_macro   0x0001c8b8      0x23d ./Core/Src/main.o
 .debug_macro   0x0001caf5      0xde5 ./Core/Src/main.o
 .debug_macro   0x0001d8da      0x61d ./Core/Src/main.o
 .debug_macro   0x0001def7      0x241 ./Core/Src/main.o
 .debug_macro   0x0001e138      0x241 ./Core/Src/main.o
 .debug_macro   0x0001e379      0x375 ./Core/Src/main.o
 .debug_macro   0x0001e6ee       0xd6 ./Core/Src/main.o
 .debug_macro   0x0001e7c4      0x122 ./Core/Src/main.o
 .debug_macro   0x0001e8e6      0x356 ./Core/Src/main.o
 .debug_macro   0x0001ec3c      0x220 ./Core/Src/main.o
 .debug_macro   0x0001ee5c       0xdc ./Core/Src/main.o
 .debug_macro   0x0001ef38       0x61 ./Core/Src/main.o
 .debug_macro   0x0001ef99       0x2a ./Core/Src/main.o
 .debug_macro   0x0001efc3       0x43 ./Core/Src/main.o
 .debug_macro   0x0001f006       0x34 ./Core/Src/main.o
 .debug_macro   0x0001f03a       0x16 ./Core/Src/main.o
 .debug_macro   0x0001f050       0x3c ./Core/Src/main.o
 .debug_macro   0x0001f08c      0x370 ./Core/Src/main.o
 .debug_macro   0x0001f3fc       0x10 ./Core/Src/main.o
 .debug_macro   0x0001f40c       0x16 ./Core/Src/main.o
 .debug_macro   0x0001f422       0x4a ./Core/Src/main.o
 .debug_macro   0x0001f46c       0x34 ./Core/Src/main.o
 .debug_macro   0x0001f4a0       0x10 ./Core/Src/main.o
 .debug_macro   0x0001f4b0       0x58 ./Core/Src/main.o
 .debug_macro   0x0001f508       0x8e ./Core/Src/main.o
 .debug_macro   0x0001f596       0x1c ./Core/Src/main.o
 .debug_macro   0x0001f5b2      0x185 ./Core/Src/main.o
 .debug_macro   0x0001f737       0x16 ./Core/Src/main.o
 .debug_macro   0x0001f74d       0x16 ./Core/Src/main.o
 .debug_macro   0x0001f763      0x146 ./Core/Src/main.o
 .debug_macro   0x0001f8a9       0x16 ./Core/Src/main.o
 .debug_macro   0x0001f8bf       0x20 ./Core/Src/main.o
 .debug_macro   0x0001f8df       0x22 ./Core/Src/main.o
 .debug_macro   0x0001f901      0x1d9 ./Core/Src/stm32l4xx_hal_msp.o
 .debug_macro   0x0001fada      0x1e3 ./Core/Src/stm32l4xx_it.o
 .debug_macro   0x0001fcbd      0x1ca ./Core/Src/system_stm32l4xx.o
 .debug_macro   0x0001fe87      0x212 ./Drivers/STM32L4xx_HAL_Driver/Src/stm32l4xx_hal.o
 .debug_macro   0x00020099      0x1e7 ./Drivers/STM32L4xx_HAL_Driver/Src/stm32l4xx_hal_adc.o
 .debug_macro   0x00020280      0x1ca ./Drivers/STM32L4xx_HAL_Driver/Src/stm32l4xx_hal_cortex.o
 .debug_macro   0x0002044a      0x1d1 ./Drivers/STM32L4xx_HAL_Driver/Src/stm32l4xx_hal_gpio.o
 .debug_macro   0x0002061b      0x1e2 ./Drivers/STM32L4xx_HAL_Driver/Src/stm32l4xx_hal_pwr.o
 .debug_macro   0x000207fd      0x1ee ./Drivers/STM32L4xx_HAL_Driver/Src/stm32l4xx_hal_pwr_ex.o
 .debug_macro   0x000209eb      0x20c ./Drivers/STM32L4xx_HAL_Driver/Src/stm32l4xx_hal_rcc.o
 .debug_macro   0x00020bf7      0x200 ./Drivers/STM32L4xx_HAL_Driver/Src/stm32l4xx_hal_rcc_ex.o

.debug_line     0x00000000     0x9db6
 .debug_line    0x00000000      0xc48 ./Core/Src/main.o
 .debug_line    0x00000c48      0x7b8 ./Core/Src/stm32l4xx_hal_msp.o
 .debug_line    0x00001400      0x7fb ./Core/Src/stm32l4xx_it.o
 .debug_line    0x00001bfb      0x7ea ./Core/Src/system_stm32l4xx.o
 .debug_line    0x000023e5       0x7a ./Core/Startup/startup_stm32l432kcux.o
 .debug_line    0x0000245f      0xab7 ./Drivers/STM32L4xx_HAL_Driver/Src/stm32l4xx_hal.o
 .debug_line    0x00002f16     0x1cc6 ./Drivers/STM32L4xx_HAL_Driver/Src/stm32l4xx_hal_adc.o
 .debug_line    0x00004bdc      0xced ./Drivers/STM32L4xx_HAL_Driver/Src/stm32l4xx_hal_cortex.o
 .debug_line    0x000058c9      0xb29 ./Drivers/STM32L4xx_HAL_Driver/Src/stm32l4xx_hal_gpio.o
 .debug_line    0x000063f2      0x91d ./Drivers/STM32L4xx_HAL_Driver/Src/stm32l4xx_hal_pwr.o
 .debug_line    0x00006d0f      0xc3b ./Drivers/STM32L4xx_HAL_Driver/Src/stm32l4xx_hal_pwr_ex.o
 .debug_line    0x0000794a     0x10f5 ./Drivers/STM32L4xx_HAL_Driver/Src/stm32l4xx_hal_rcc.o
 .debug_line    0x00008a3f     0x1377 ./Drivers/STM32L4xx_HAL_Driver/Src/stm32l4xx_hal_rcc_ex.o

.debug_str      0x00000000    0xcc713
 .debug_str     0x00000000    0xcc713 ./Core/Src/main.o
                              0xca20b (size before relaxing)
 .debug_str     0x000cc713    0xc650d ./Core/Src/stm32l4xx_hal_msp.o
 .debug_str     0x000cc713    0xc5d2e ./Core/Src/stm32l4xx_it.o
 .debug_str     0x000cc713    0xc5b71 ./Core/Src/system_stm32l4xx.o
 .debug_str     0x000cc713       0x78 ./Core/Startup/startup_stm32l432kcux.o
 .debug_str     0x000cc713    0xc6513 ./Drivers/STM32L4xx_HAL_Driver/Src/stm32l4xx_hal.o
 .debug_str     0x000cc713    0xc6954 ./Drivers/STM32L4xx_HAL_Driver/Src/stm32l4xx_hal_adc.o
 .debug_str     0x000cc713    0xc62d1 ./Drivers/STM32L4xx_HAL_Driver/Src/stm32l4xx_hal_cortex.o
 .debug_str     0x000cc713    0xc5cf7 ./Drivers/STM32L4xx_HAL_Driver/Src/stm32l4xx_hal_gpio.o
 .debug_str     0x000cc713    0xc5ebb ./Drivers/STM32L4xx_HAL_Driver/Src/stm32l4xx_hal_pwr.o
 .debug_str     0x000cc713    0xc6019 ./Drivers/STM32L4xx_HAL_Driver/Src/stm32l4xx_hal_pwr_ex.o
 .debug_str     0x000cc713    0xc6171 ./Drivers/STM32L4xx_HAL_Driver/Src/stm32l4xx_hal_rcc.o
 .debug_str     0x000cc713    0xc63e3 ./Drivers/STM32L4xx_HAL_Driver/Src/stm32l4xx_hal_rcc_ex.o

.comment        0x00000000       0x43
 .comment       0x00000000       0x43 ./Core/Src/main.o
                                 0x44 (size before relaxing)
 .comment       0x00000043       0x44 ./Core/Src/stm32l4xx_hal_msp.o
 .comment       0x00000043       0x44 ./Core/Src/stm32l4xx_it.o
 .comment       0x00000043       0x44 ./Core/Src/system_stm32l4xx.o
 .comment       0x00000043       0x44 ./Drivers/STM32L4xx_HAL_Driver/Src/stm32l4xx_hal.o
 .comment       0x00000043       0x44 ./Drivers/STM32L4xx_HAL_Driver/Src/stm32l4xx_hal_adc.o
 .comment       0x00000043       0x44 ./Drivers/STM32L4xx_HAL_Driver/Src/stm32l4xx_hal_cortex.o
 .comment       0x00000043       0x44 ./Drivers/STM32L4xx_HAL_Driver/Src/stm32l4xx_hal_gpio.o
 .comment       0x00000043       0x44 ./Drivers/STM32L4xx_HAL_Driver/Src/stm32l4xx_hal_pwr.o
 .comment       0x00000043       0x44 ./Drivers/STM32L4xx_HAL_Driver/Src/stm32l4xx_hal_pwr_ex.o
 .comment       0x00000043       0x44 ./Drivers/STM32L4xx_HAL_Driver/Src/stm32l4xx_hal_rcc.o
 .comment       0x00000043       0x44 ./Drivers/STM32L4xx_HAL_Driver/Src/stm32l4xx_hal_rcc_ex.o

.debug_frame    0x00000000     0x2388
 .debug_frame   0x00000000       0xdc ./Core/Src/main.o
 .debug_frame   0x000000dc       0x84 ./Core/Src/stm32l4xx_hal_msp.o
 .debug_frame   0x00000160      0x104 ./Core/Src/stm32l4xx_it.o
 .debug_frame   0x00000264       0x58 ./Core/Src/system_stm32l4xx.o
 .debug_frame   0x000002bc      0x3dc ./Drivers/STM32L4xx_HAL_Driver/Src/stm32l4xx_hal.o
 .debug_frame   0x00000698      0x9b0 ./Drivers/STM32L4xx_HAL_Driver/Src/stm32l4xx_hal_adc.o
 .debug_frame   0x00001048      0x4e8 ./Drivers/STM32L4xx_HAL_Driver/Src/stm32l4xx_hal_cortex.o
 .debug_frame   0x00001530      0x14c ./Drivers/STM32L4xx_HAL_Driver/Src/stm32l4xx_hal_gpio.o
 .debug_frame   0x0000167c      0x230 ./Drivers/STM32L4xx_HAL_Driver/Src/stm32l4xx_hal_pwr.o
 .debug_frame   0x000018ac      0x4a4 ./Drivers/STM32L4xx_HAL_Driver/Src/stm32l4xx_hal_pwr_ex.o
 .debug_frame   0x00001d50      0x21c ./Drivers/STM32L4xx_HAL_Driver/Src/stm32l4xx_hal_rcc.o
 .debug_frame   0x00001f6c      0x3d0 ./Drivers/STM32L4xx_HAL_Driver/Src/stm32l4xx_hal_rcc_ex.o
 .debug_frame   0x0000233c       0x20 C:/devel/stm32CubeIDE_1.18.1/STM32CubeIDE/plugins/com.st.stm32cube.ide.mcu.externaltools.gnu-tools-for-stm32.13.3.rel1.win32_1.0.0.202411081344/tools/bin/../lib/gcc/arm-none-eabi/13.3.1/../../../../arm-none-eabi/lib/thumb/v7e-m+fp/hard\libc_nano.a(libc_a-memset.o)
 .debug_frame   0x0000235c       0x2c C:/devel/stm32CubeIDE_1.18.1/STM32CubeIDE/plugins/com.st.stm32cube.ide.mcu.externaltools.gnu-tools-for-stm32.13.3.rel1.win32_1.0.0.202411081344/tools/bin/../lib/gcc/arm-none-eabi/13.3.1/../../../../arm-none-eabi/lib/thumb/v7e-m+fp/hard\libc_nano.a(libc_a-init.o)

.debug_line_str
                0x00000000       0x5c
 .debug_line_str
                0x00000000       0x5c ./Core/Startup/startup_stm32l432kcux.o
